<html>
<body>
<pre>
<h1>礦ision Build Log</h1>
<h2>Tool Versions:</h2>
IDE-Version: μVision V5.27.1.0
Copyright (C) 2019 ARM Ltd and ARM Germany GmbH. All rights reserved.
License Information: Miraggio Miraggio, Miraggio, LIC=7YKYW-QAQEZ-UMB9A-117XF-13VTJ-NDM61
 
Tool Versions:
Toolchain:       MDK-ARM Professional  Version: 5.27.1.0
Toolchain Path:  E:\Program Files (x86)\Keil_5\ARM\ARMCC\Bin
C Compiler:      Armcc.exe V5.06 update 6 (build 750)
Assembler:       Armasm.exe V5.06 update 6 (build 750)
Linker/Locator:  ArmLink.exe V5.06 update 6 (build 750)
Library Manager: ArmAr.exe V5.06 update 6 (build 750)
Hex Converter:   FromElf.exe V5.06 update 6 (build 750)
CPU DLL:         SARMCM3.DLL V5.27.1.0
Dialog DLL:      DCM.DLL V1.17.2.0
Target DLL:      CMSIS_AGDI.dll V1.31.17.0
Dialog DLL:      TCM.DLL V1.36.1.0
 
<h2>Project:</h2>
D:\STM32\HAL_大风车变速\HAL_大风车变速\MDK-ARM\HAL_RC.uvprojx
Project File Date:  01/10/2021

<h2>Output:</h2>
*** Using Compiler 'V5.06 update 6 (build 750)', folder: 'E:\Program Files (x86)\Keil_5\ARM\ARMCC\Bin'
Build target 'HAL_RC'
compiling AddMath.c...
compiling BSP_CAN.c...
compiling M3508_Motor.c...
compiling BSP_TIM.c...
compiling SpeedRamp.c...
compiling PID.c...
compiling BSP_USART.c...
compiling DR16_Remote.c...
compiling freertos.c...
compiling main.c...
compiling stm32f4xx_it.c...
compiling Robot_control.c...
..\Apps\Apps.c\Robot_control.c(22): warning:  #177-D: function "Cloud_control"  was declared but never referenced
  static void Cloud_control()
..\Apps\Apps.c\Robot_control.c: 1 warning, 0 errors
compiling Chassis_control.c...
..\Apps\Apps.c\Chassis_control.c(155): warning:  #1035-D: single-precision operand implicitly converted to double-precision
  			M3508s[0].spd = (0.785 * M3508s[0].rad_S) + 1.305;
..\Apps\Apps.c\Chassis_control.c: 1 warning, 0 errors
compiling Monitor_RM_CAN.c...
linking...
Program Size: Code=21584 RO-data=992 RW-data=216 ZI-data=18512  
FromELF: creating hex file...
"HAL_RC\HAL_RC.axf" - 0 Error(s), 2 Warning(s).

<h2>Software Packages used:</h2>

Package Vendor: ARM
                http://www.keil.com/pack/ARM.CMSIS.5.5.1.pack
                ARM.CMSIS.5.5.1
                CMSIS (Cortex Microcontroller Software Interface Standard)
   * Component: CORE Version: 5.2.0

Package Vendor: Keil
                http://www.keil.com/pack/Keil.STM32F4xx_DFP.2.13.0.pack
                Keil.STM32F4xx_DFP.2.13.0
                STMicroelectronics STM32F4 Series Device Support, Drivers and Examples

<h2>Collection of Component include folders:</h2>
  .\RTE\_HAL_RC
  E:\Program Files (x86)\Keil_5\Miraggio\AppData\Local\Arm\Packs\ARM\CMSIS\5.5.1\CMSIS\Core\Include
  E:\Program Files (x86)\Keil_5\Miraggio\AppData\Local\Arm\Packs\Keil\STM32F4xx_DFP\2.13.0\Drivers\CMSIS\Device\ST\STM32F4xx\Include

<h2>Collection of Component Files used:</h2>

   * Component: ARM::CMSIS:CORE:5.2.0
Build Time Elapsed:  00:00:14
</pre>
</body>
</html>
